  ╱  ~/codyssey/week1 ╱   main ?6                                                             11:01:07  
❯ docker images
                                                                                              i Info →   U  In Use
IMAGE                                                   ID             DISK USAGE   CONTENT SIZE   EXTRA
ghcr.io/final-project-gilmok/api-repo/frontend:latest   6367268c537a         49MB             0B    U   
ghcr.io/final-project-gilmok/api-repo:latest            14a7491a4e5d        289MB             0B    U   
ghcr.io/final-project-gilmok/auth-repo:latest           b78408d3634b        254MB             0B    U   
ghcr.io/final-project-gilmok/gateway-repo:latest        f1c114c07ce4        276MB             0B    U   
grafana/grafana:latest                                  4fec60c99aaf        702MB             0B    U   
grafana/loki:2.9.0                                      33a5847e7daf       72.4MB             0B    U   
grafana/promtail:2.9.0                                  fdeb7477ba0a        188MB             0B    U   
grafana/tempo:2.3.1                                     062cd5f1fc17        101MB             0B    U   
gvenzl/oracle-free:23-slim                              5feee6124c99       1.51GB             0B    U   
hello-world:latest                                      eb84fdc6f2a3        5.2kB             0B    U   
mysql:8.0                                               843c41e46bd2        782MB             0B    U   
nginx:1.25.4-alpine                                     b8c82647e8a2       43.6MB             0B    U   
nginx:1.27-alpine                                       96868d9fa38f       49.7MB             0B        
nginxinc/nginx-unprivileged:1.27-alpine                 21345205b5bc       49.7MB             0B        
prom/prometheus:latest                                  a234c37afacd        339MB             0B    U   
rabbitmq:3-management                                   f2edea6e7a01        271MB             0B        
redis:7-alpine                                          67d49cdb6df6       41.8MB             0B        
redis:7.0                                               7705dd2858c1        109MB             0B    U   
redis:alpine                                            542d079321f5       94.1MB             0B    U   
testcontainers/ryuk:0.12.0                              3b9e208a7ab3       15.8MB             0B        
ubuntu:latest                                           9238bf8bb4a4        120MB             0B    U   
  ╱  ~/codyssey/week1 ╱   main ?6                                                             11:02:13  
❯ docker ps    
CONTAINER ID   IMAGE     COMMAND   CREATED        STATUS        PORTS     NAMES
ac294328bab0   ubuntu    "bash"    14 hours ago   Up 14 hours             my-ubuntu
  ╱  ~/codyssey/week1 ╱   main ?6                                                             11:02:59  
❯ docker ps -a
CONTAINER ID   IMAGE                                                   COMMAND                  CREATED        STATUS                      PORTS     NAMES
ac294328bab0   ubuntu                                                  "bash"                   14 hours ago   Up 14 hours                           my-ubuntu
05a67ab3a96c   ubuntu                                                  "bash"                   14 hours ago   Exited (130) 14 hours ago             sad_poincare
301a1b41c7a6   hello-world                                             "/hello"                 14 hours ago   Exited (0) 14 hours ago               loving_greider
7bdbdd7e6794   nginx:1.25.4-alpine                                     "/docker-entrypoint.…"   4 months ago   Exited (0) 4 months ago               nginx
09cc2b9d3781   ghcr.io/final-project-gilmok/api-repo:latest            "java -jar app.jar"      4 months ago   Exited (143) 4 months ago             api-server
bb6a74adcf35   ghcr.io/final-project-gilmok/gateway-repo:latest        "java -jar app.jar"      4 months ago   Exited (143) 4 months ago             gateway-local
710c6ece2e08   ghcr.io/final-project-gilmok/auth-repo:latest           "java -jar app.jar"      4 months ago   Exited (143) 4 months ago             auth-server
49f06937c09d   mysql:8.0                                               "docker-entrypoint.s…"   4 months ago   Exited (0) 4 months ago               local-mysql
50ce553b0529   redis:7.0                                               "docker-entrypoint.s…"   4 months ago   Exited (0) 4 months ago               local-redis
0d9ad54381ea   ghcr.io/final-project-gilmok/api-repo/frontend:latest   "/docker-entrypoint.…"   4 months ago   Exited (0) 4 months ago               frontend
ed7038fd4d6f   grafana/grafana:latest                                  "/run.sh"                4 months ago   Exited (0) 14 hours ago               grafana
8315dffe8c71   grafana/tempo:2.3.1                                     "/tempo -config.file…"   4 months ago   Exited (1) 14 hours ago               tempo
73994214d82c   prom/prometheus:latest                                  "/bin/prometheus --c…"   4 months ago   Exited (0) 14 hours ago               prometheus
3acb8f9a1add   grafana/promtail:2.9.0                                  "/usr/bin/promtail -…"   4 months ago   Exited (0) 14 hours ago               promtail
7372ae95080d   grafana/loki:2.9.0                                      "/usr/bin/loki -conf…"   4 months ago   Exited (0) 14 hours ago               loki
f29a3c9c73aa   mysql:8.0                                               "docker-entrypoint.s…"   5 months ago   Exited (0) 3 months ago               gilmok-mysql
68bb79a44686   redis:alpine                                            "docker-entrypoint.s…"   5 months ago   Exited (0) 3 months ago               gilmok-redis
b89f429404b8   gvenzl/oracle-free:23-slim                              "container-entrypoin…"   7 months ago   Exited (137) 6 months ago             oracle-db
  ╱  ~/codyssey/week1 ╱   main ?6                                                             11:03:10  
CONTAINER ID   NAME        CPU %     MEM USAGE / LIMIT     MEM %     NET I/O         BLOCK I/O     PIDS
ac294328bab0   my-ubuntu   0.00%     1.367MiB / 7.818GiB   0.02%     1.13kB / 126B   19.2MB / 0B   1
