  ╱  ~/codyssey/week1 ╱   main ?7                                                                                           11:09:38  
❯ docker run hello-world

Hello from Docker!
This message shows that your installation appears to be working correctly.

To generate this message, Docker took the following steps:
 1. The Docker client contacted the Docker daemon.
 2. The Docker daemon pulled the "hello-world" image from the Docker Hub.
    (arm64v8)
 3. The Docker daemon created a new container from that image which runs the
    executable that produces the output you are currently reading.
 4. The Docker daemon streamed that output to the Docker client, which sent it
    to your terminal.

To try something more ambitious, you can run an Ubuntu container with:
 $ docker run -it ubuntu bash

Share images, automate workflows, and more with a free Docker ID:
 https://hub.docker.com/

For more examples and ideas, visit:
 https://docs.docker.com/get-started/

  ╱  ~/codyssey/week1 ╱   main ?7                                                                                           11:10:13  
❯ docker run -it ubuntu bash
Unable to find image 'ubuntu:latest' locally
latest: Pulling from library/ubuntu
55237ac9880d: Already exists
693710ba2039: Already exists
Digest: sha256:3131b4cc82a783df6c9df078f86e01819a13594b865c2cad47bd1bca2b7063bb
Status: Downloaded newer image for ubuntu:latest
root@fad2269da110:/# ls
bin  boot  dev  etc  home  lib  media  mnt  opt  proc  root  run  sbin  srv  sys  tmp  usr  var
root@fad2269da110:/# echo hello
hello
root@fad2269da110:/# exit
exit
  ╱  ~/codyssey/week1 ╱   main ?7                                                                                   17s  ╱ 11:10:38  
❯ docker run -it -d --name my-ubuntu ubuntu bash
c33b1f4de13fde871e44a38ef292a23f1dc5460643e2f721d3ea077cba8e9f6e
  ╱  ~/codyssey/week1 ╱   main ?7                                                                                           11:10:44  
❯ docker ps
CONTAINER ID   IMAGE     COMMAND   CREATED         STATUS         PORTS     NAMES
c33b1f4de13f   ubuntu    "bash"    4 seconds ago   Up 3 seconds             my-ubuntu
  ╱  ~/codyssey/week1 ╱   main ?7                                                                                           11:10:48  
❯ docker attach my-ubuntu
root@c33b1f4de13f:/# exit
exit
  ╱  ~/codyssey/week1 ╱   main ?7                                                                                    4s  ╱ 11:10:57  
❯ docker ps
CONTAINER ID   IMAGE     COMMAND   CREATED   STATUS    PORTS     NAMES
  ╱  ~/codyssey/week1 ╱   main ?7                                                                                           11:11:01  
❯ docker start my-ubuntu
my-ubuntu
  ╱  ~/codyssey/week1 ╱   main ?7                                                                                           11:11:10  
❯ docker exec -it my-ubuntu bash
root@c33b1f4de13f:/# exit
exit

What's next:
    Try Docker Debug for seamless, persistent debugging tools in any container or image → docker debug my-ubuntu
    Learn more at https://docs.docker.com/go/debug-cli/
  ╱  ~/codyssey/week1 ╱   main ?7                                                                                           11:11:17  
❯ docker ps
CONTAINER ID   IMAGE     COMMAND   CREATED          STATUS          PORTS     NAMES
c33b1f4de13f   ubuntu    "bash"    36 seconds ago   Up 10 seconds             my-ubuntu