  ╱  ~/codyssey/week1 ╱   main ?7                                                                                           11:13:31  
❯ mkdir my-nginx
  ╱  ~/codyssey/week1 ╱   main ?7                                                                                           11:20:03  
❯ cd my-nginx
  ╱  ~/codyssey/week1/my-nginx ╱   main ?7                                                                                  11:20:06  
❯ vi index.html
  ╱  ~/codyssey/week1/my-nginx ╱   main ?8                                                                          12s  ╱ 11:20:28  
❯ vi default.conf
  ╱  ~/codyssey/week1/my-nginx ╱   main ?8                                                                           5s  ╱ 11:21:23  
❯ vi Dockerfile
  ╱  ~/codyssey/week1/my-nginx ╱   main ?8                                                                           5s  ╱ 11:21:38  
❯ docker build -t my-nginx:1.0 .

[+] Building 8.0s (8/8) FINISHED                                                                                                docker:orbstack
 => [internal] load build definition from Dockerfile                                                                                       0.0s
 => => transferring dockerfile: 414B                                                                                                       0.0s
 => [internal] load metadata for docker.io/library/nginx:alpine                                                                            3.5s
 => [internal] load .dockerignore                                                                                                          0.0s
 => => transferring context: 2B                                                                                                            0.0s
 => [1/3] FROM docker.io/library/nginx:alpine@sha256:4a73073bd557c65b759505da037898b61f1be6cbcc3c2c3aeac22d2a470c1752                      4.2s
 => => resolve docker.io/library/nginx:alpine@sha256:4a73073bd557c65b759505da037898b61f1be6cbcc3c2c3aeac22d2a470c1752                      0.0s
 => => sha256:5de55e5ef9c033997441461efe7ba23a986db059c0bb78b38f84ee0d72b99167 4.18MB / 4.18MB                                             1.1s
 => => sha256:7b1fb50ff9dc606dba8c8c0e8eb4e98c650c5b289506f01724309ebf71a69d45 1.91MB / 1.91MB                                             1.4s
 => => sha256:e42993d4c6ecb26b388e945cbe5f03be1f7858226750c1f8375883db2aae1243 626B / 626B                                                 1.1s
 => => sha256:4a73073bd557c65b759505da037898b61f1be6cbcc3c2c3aeac22d2a470c1752 10.33kB / 10.33kB                                           0.0s
 => => sha256:1dd3048a04f4b76ebd706c1bbb9df7d9d53b4f8253b32ce14467088c9b5ada0f 2.50kB / 2.50kB                                             0.0s
 => => sha256:28c4e91555d001bb0f6b2796e565bfa75302711a0d6e67c5562eb2f7d54d2483 12.34kB / 12.34kB                                           0.0s
 => => extracting sha256:5de55e5ef9c033997441461efe7ba23a986db059c0bb78b38f84ee0d72b99167                                                  0.1s
 => => sha256:d0e9565ba4ff139c848073b3358bb2c9b31a93cb9b744a5b0903b22f5a3ddc0f 956B / 956B                                                 1.4s
 => => sha256:c4a042f5cf717d2e64d2176a41624344a2f1ad0475f6ac6dae092aefbbd07b37 405B / 405B                                                 1.4s
 => => extracting sha256:7b1fb50ff9dc606dba8c8c0e8eb4e98c650c5b289506f01724309ebf71a69d45                                                  0.0s
 => => sha256:e1f13a453c9dd406f331a3efefeb846cd18b068d73177c0d57c6f3d5169eacb4 1.21kB / 1.21kB                                             1.8s
 => => sha256:ba4be3b26f08037fa63337d7a425d3253b887bff559447733e71759f65b0f8c8 1.40kB / 1.40kB                                             1.8s
 => => sha256:977aedb192ade9f4f62ce4c6df02d8f62abe1e8710e006854398f8a7cda030e7 19.85MB / 19.85MB                                           3.7s
 => => extracting sha256:e42993d4c6ecb26b388e945cbe5f03be1f7858226750c1f8375883db2aae1243                                                  0.0s
 => => extracting sha256:d0e9565ba4ff139c848073b3358bb2c9b31a93cb9b744a5b0903b22f5a3ddc0f                                                  0.0s
 => => extracting sha256:c4a042f5cf717d2e64d2176a41624344a2f1ad0475f6ac6dae092aefbbd07b37                                                  0.0s
 => => extracting sha256:e1f13a453c9dd406f331a3efefeb846cd18b068d73177c0d57c6f3d5169eacb4                                                  0.0s
 => => extracting sha256:ba4be3b26f08037fa63337d7a425d3253b887bff559447733e71759f65b0f8c8                                                  0.0s
 => => extracting sha256:977aedb192ade9f4f62ce4c6df02d8f62abe1e8710e006854398f8a7cda030e7                                                  0.2s
 => [internal] load build context                                                                                                          0.1s
 => => transferring context: 656B                                                                                                          0.0s
 => [2/3] COPY default.conf /etc/nginx/conf.d/default.conf                                                                                 0.1s
 => [3/3] COPY index.html /usr/share/nginx/html/index.html                                                                                 0.0s
 => exporting to image                                                                                                                     0.0s
 => => exporting layers                                                                                                                    0.0s
 => => writing image sha256:1219914c9dd17d8675aab4efa93656c24cd1885c35803bd508530084a4963f70                                               0.0s
 => => naming to docker.io/library/my-nginx:1.0                                                                                            0.0s

View build details: docker-desktop://dashboard/build/orbstack/orbstack/pb7dhqa6snq46v4kp3cv5rzdw
  ╱  ~/codyssey/week1/my-nginx ╱   main ?8                                                                           9s  ╱ 11:22:00  
❯ docker images
                                                                                                                           i Info →   U  In Use
IMAGE                                                   ID             DISK USAGE   CONTENT SIZE   EXTRA
ghcr.io/final-project-gilmok/api-repo/frontend:latest   6367268c537a         49MB             0B    U
ghcr.io/final-project-gilmok/api-repo:latest            14a7491a4e5d        289MB             0B    U
ghcr.io/final-project-gilmok/auth-repo:latest           b78408d3634b        254MB             0B    U
ghcr.io/final-project-gilmok/gateway-repo:latest        f1c114c07ce4        276MB             0B    U
grafana/grafana:latest                                  4fec60c99aaf        702MB             0B    U
grafana/loki:2.9.0                                      33a5847e7daf       72.4MB             0B    U
grafana/promtail:2.9.0                                  fdeb7477ba0a        188MB             0B    U
grafana/tempo:2.3.1                                     062cd5f1fc17        101MB             0B    U
gvenzl/oracle-free:23-slim                              5feee6124c99       1.51GB             0B    U
hello-world:latest                                      eb84fdc6f2a3        5.2kB             0B    U
my-nginx:1.0                                            1219914c9dd1       61.8MB             0B
mysql:8.0                                               843c41e46bd2        782MB             0B    U
nginx:1.25.4-alpine                                     b8c82647e8a2       43.6MB             0B    U
nginx:1.27-alpine                                       96868d9fa38f       49.7MB             0B
nginxinc/nginx-unprivileged:1.27-alpine                 21345205b5bc       49.7MB             0B
prom/prometheus:latest                                  a234c37afacd        339MB             0B    U
rabbitmq:3-management                                   f2edea6e7a01        271MB             0B
redis:7-alpine                                          67d49cdb6df6       41.8MB             0B
redis:7.0                                               7705dd2858c1        109MB             0B    U
redis:alpine                                            542d079321f5       94.1MB             0B    U
testcontainers/ryuk:0.12.0                              3b9e208a7ab3       15.8MB             0B
ubuntu:latest                                           9238bf8bb4a4        120MB             0B    U
  ╱  ~/codyssey/week1/my-nginx ╱   main ?8                                                                                  11:26:24  
❯ docker run -d -p 8080:80 --name my-web my-nginx:1.0
aecbdf739a8826a3cd0dbeb1508b519e8be1a87633a2bfbd9ecfd3a946a05170
  ╱  ~/codyssey/week1/my-nginx ╱   main ?8                                                                                  11:26:35  
❯ docker ps
CONTAINER ID   IMAGE          COMMAND                   CREATED          STATUS          PORTS                                     NAMES
aecbdf739a88   my-nginx:1.0   "/docker-entrypoint.…"   4 seconds ago    Up 4 seconds    0.0.0.0:8080->80/tcp, [::]:8080->80/tcp   my-web
c33b1f4de13f   ubuntu         "bash"                    15 minutes ago   Up 15 minutes                                             my-ubuntu